#-----------------------------------------------------------
# Webtalk v2018.3.1 (64-bit)
# SW Build 2489853 on Tue Mar 26 04:18:30 MDT 2019
# IP Build 2486929 on Tue Mar 26 06:44:21 MDT 2019
# Start of session at: Wed Apr 29 10:08:57 2020
# Process ID: 19839
# Current directory: /home/whwong/Codes/xilinx/vivado/zynq_motor_basic_test.xpr/zynq_motor_ctrl/zynq_motor_ctrl.sim/sim_1/synth/func/xsim
# Command line: wbtcv -mode batch -source /home/whwong/Codes/xilinx/vivado/zynq_motor_basic_test.xpr/zynq_motor_ctrl/zynq_motor_ctrl.sim/sim_1/synth/func/xsim/xsim.dir/cpu_wrapper_func_synth/webtalk/xsim_webtalk.tcl -notrace
# Log file: /home/whwong/Codes/xilinx/vivado/zynq_motor_basic_test.xpr/zynq_motor_ctrl/zynq_motor_ctrl.sim/sim_1/synth/func/xsim/webtalk.log
# Journal file: /home/whwong/Codes/xilinx/vivado/zynq_motor_basic_test.xpr/zynq_motor_ctrl/zynq_motor_ctrl.sim/sim_1/synth/func/xsim/webtalk.jou
#-----------------------------------------------------------
source /home/whwong/Codes/xilinx/vivado/zynq_motor_basic_test.xpr/zynq_motor_ctrl/zynq_motor_ctrl.sim/sim_1/synth/func/xsim/xsim.dir/cpu_wrapper_func_synth/webtalk/xsim_webtalk.tcl -notrace
